src/app/(dashboard)/generate/character-video/page.tsx(236,33): error TS2322: Type '{ key: number; selectedId: string | undefined; onSelect: Dispatch<SetStateAction<{ id: string; user_id: string; name: string; description: string | null; reference_images: string[]; thumbnail_url: string | null; ... 7 more ...; updated_at: string; } | null>>; onCreateNew: () => void; }' is not assignable to type 'IntrinsicAttributes & Props'.
  Property 'selectedId' does not exist on type 'IntrinsicAttributes & Props'. Did you mean 'selected'?
src/app/(dashboard)/generate/character-video/page.tsx(629,17): error TS2322: Type '{ open: boolean; onClose: () => void; onCreated: () => void; }' is not assignable to type 'IntrinsicAttributes & Props'.
  Property 'open' does not exist on type 'IntrinsicAttributes & Props'.
src/app/api/characters/[id]/image/route.ts(4,10): error TS2305: Module '"@/lib/supabase/admin"' has no exported member 'supabaseAdmin'.
src/app/api/characters/[id]/image/route.ts(6,30): error TS2307: Cannot find module 'uuid' or its corresponding type declarations.
src/app/api/characters/[id]/route.ts(61,37): error TS2304: Cannot find name 'Database'.
src/app/api/characters/[id]/route.ts(69,28): error TS2538: Type 'symbol' cannot be used as an index type.
src/app/api/characters/[id]/train/route.ts(4,10): error TS2305: Module '"@/lib/supabase/admin"' has no exported member 'supabaseAdmin'.
src/app/api/characters/[id]/train/status/route.ts(4,10): error TS2305: Module '"@/lib/supabase/admin"' has no exported member 'supabaseAdmin'.
src/app/api/characters/[id]/video/route.ts(5,10): error TS2305: Module '"@/lib/supabase/admin"' has no exported member 'supabaseAdmin'.
src/app/api/characters/generate-image/route.ts(6,10): error TS2305: Module '"@/lib/supabase/admin"' has no exported member 'supabaseAdmin'.
src/app/api/characters/generate-video/route.ts(6,10): error TS2305: Module '"@/lib/supabase/admin"' has no exported member 'supabaseAdmin'.
src/app/api/characters/route.ts(4,10): error TS2305: Module '"@/lib/supabase/admin"' has no exported member 'supabaseAdmin'.
src/app/api/generate/carousel/route.ts(7,10): error TS2305: Module '"@/lib/supabase/admin"' has no exported member 'supabaseAdmin'.
src/app/api/generate/character-image/route.ts(5,10): error TS2305: Module '"@/lib/supabase/admin"' has no exported member 'supabaseAdmin'.
src/app/api/generate/character-video/route.ts(3,10): error TS2305: Module '"@/lib/supabase/admin"' has no exported member 'supabaseAdmin'.
src/app/api/generate/image-to-video/route.ts(2,10): error TS2305: Module '"@/lib/supabase/admin"' has no exported member 'supabaseAdmin'.
src/app/api/generate/image/route.ts(2,10): error TS2305: Module '"@/lib/supabase/admin"' has no exported member 'supabaseAdmin'.
src/app/api/generate/reel/route.ts(2,10): error TS2305: Module '"@/lib/supabase/admin"' has no exported member 'supabaseAdmin'.
src/app/api/generate/text-to-image/route.ts(2,10): error TS2305: Module '"@/lib/supabase/admin"' has no exported member 'supabaseAdmin'.
src/app/api/generate/text-to-video/route.ts(6,10): error TS2305: Module '"@/lib/supabase/admin"' has no exported member 'supabaseAdmin'.
src/app/api/generate/video-clips/route.ts(2,10): error TS2305: Module '"@/lib/supabase/admin"' has no exported member 'supabaseAdmin'.
src/app/api/generations/[id]/status/route.ts(5,10): error TS2305: Module '"@/lib/supabase/admin"' has no exported member 'supabaseAdmin'.
src/app/api/upload/logo/route.ts(2,10): error TS2305: Module '"@/lib/supabase/admin"' has no exported member 'supabaseAdmin'.
src/app/api/upload/route.ts(5,30): error TS2307: Cannot find module 'uuid' or its corresponding type declarations.
src/app/api/user/credits/route.ts(2,10): error TS2305: Module '"@/lib/supabase/admin"' has no exported member 'supabaseAdmin'.
src/app/api/webhooks/fal/training/route.ts(2,10): error TS2305: Module '"@/lib/supabase/admin"' has no exported member 'supabaseAdmin'.
src/app/api/webhooks/training-complete/route.ts(3,10): error TS2305: Module '"@/lib/supabase/admin"' has no exported member 'supabaseAdmin'.
src/lib/services/character-video.ts(4,10): error TS2305: Module '"@/lib/supabase/admin"' has no exported member 'supabaseAdmin'.
